2025-10-29 14:16:58,090 ERROR registration.views Error message
2025-10-29 14:17:00,282 ERROR registration.tests Error message
2025-10-29 14:17:00,973 ERROR registration.views Error message
2025-11-09 14:19:14,136 ERROR registration.views Error message
2025-11-09 14:19:14,252 ERROR news.views Error message
2025-11-09 14:19:14,358 ERROR cryptocurrencies.views Error message
2025-11-09 14:19:22,152 ERROR registration.views Error message
2025-11-09 14:19:22,208 ERROR news.views Error message
2025-11-09 14:19:22,241 ERROR cryptocurrencies.views Error message
2025-11-09 14:22:07,044 ERROR registration.views Error message
2025-11-09 14:22:07,073 ERROR news.views Error message
2025-11-09 14:22:07,091 ERROR cryptocurrencies.views Error message
2025-11-09 14:23:05,033 ERROR registration.views Error message
2025-11-09 14:23:05,213 ERROR news.views Error message
2025-11-09 14:23:05,381 ERROR cryptocurrencies.views Error message
2025-11-09 14:25:46,552 ERROR registration.views Error message
2025-11-09 14:25:46,572 ERROR news.views Error message
2025-11-09 14:25:46,593 ERROR cryptocurrencies.views Error message
2025-11-09 14:26:20,733 ERROR registration.views Error message
2025-11-09 14:26:20,782 ERROR news.views Error message
2025-11-09 14:26:20,835 ERROR cryptocurrencies.views Error message
2025-11-09 14:28:25,531 ERROR registration.views Error message
2025-11-09 14:28:25,562 ERROR news.views Error message
2025-11-09 14:28:25,585 ERROR cryptocurrencies.views Error message
2025-11-09 14:28:37,294 ERROR registration.views Error message
2025-11-09 14:28:37,316 ERROR news.views Error message
2025-11-09 14:28:37,337 ERROR cryptocurrencies.views Error message
2025-11-09 14:34:41,518 ERROR registration.views Error message
2025-11-09 14:34:41,554 ERROR news.views Error message
2025-11-09 14:34:41,581 ERROR cryptocurrencies.views Error message
2025-11-09 14:34:56,113 ERROR registration.views Error message
2025-11-09 14:34:56,169 ERROR news.views Error message
2025-11-09 14:34:56,228 ERROR cryptocurrencies.views Error message
2025-11-09 14:37:48,108 ERROR registration.views Error message
2025-11-09 14:39:44,068 ERROR registration.views Error message
2025-11-09 14:39:44,098 ERROR news.views Error message
2025-11-09 14:39:44,147 ERROR cryptocurrencies.views Error message
2025-11-09 14:44:58,107 ERROR registration.views Error message
2025-11-09 14:44:58,128 ERROR news.views Error message
2025-11-09 14:44:58,149 ERROR cryptocurrencies.views Error message
2025-11-09 14:44:58,168 ERROR exchanges.views Error message
2025-11-09 14:45:18,652 ERROR registration.views Error message
2025-11-09 14:45:18,673 ERROR news.views Error message
2025-11-09 14:45:18,701 ERROR cryptocurrencies.views Error message
2025-11-09 14:45:18,738 ERROR exchanges.views Error message
2025-11-09 14:45:37,935 ERROR registration.views Error message
2025-11-09 14:45:37,956 ERROR news.views Error message
2025-11-09 14:45:37,980 ERROR cryptocurrencies.views Error message
2025-11-09 14:45:38,001 ERROR exchanges.views Error message
2025-11-09 14:47:26,019 ERROR registration.views Error message
2025-11-09 14:47:26,171 ERROR news.views Error message
2025-11-09 14:47:26,258 ERROR cryptocurrencies.views Error message
2025-11-09 14:47:26,320 ERROR exchanges.views Error message
2025-11-09 14:47:36,915 ERROR registration.views Error message
2025-11-09 14:47:36,949 ERROR news.views Error message
2025-11-09 14:47:37,018 ERROR cryptocurrencies.views Error message
2025-11-09 14:47:37,053 ERROR exchanges.views Error message
2025-11-09 14:47:44,257 ERROR registration.views Error message
2025-11-09 14:47:44,306 ERROR news.views Error message
2025-11-09 14:47:44,418 ERROR cryptocurrencies.views Error message
2025-11-09 14:47:44,486 ERROR exchanges.views Error message
2025-11-09 14:48:32,522 ERROR registration.views Error message
2025-11-09 14:48:32,553 ERROR news.views Error message
2025-11-09 14:48:32,610 ERROR cryptocurrencies.views Error message
2025-11-09 14:48:32,647 ERROR exchanges.views Error message
2025-11-11 11:23:07,936 ERROR registration.views Error message
2025-11-11 11:23:08,040 ERROR news.views Error message
2025-11-11 11:23:08,077 ERROR cryptocurrencies.views Error message
2025-11-11 11:23:08,109 ERROR exchanges.views Error message
2025-11-11 11:23:36,277 ERROR registration.views Error message
2025-11-11 11:23:36,341 ERROR news.views Error message
2025-11-11 11:23:36,395 ERROR cryptocurrencies.views Error message
2025-11-11 11:23:36,469 ERROR exchanges.views Error message
2025-11-12 11:45:27,772 ERROR registration.views Error message
2025-11-12 11:45:27,873 ERROR news.views Error message
2025-11-12 11:45:27,924 ERROR cryptocurrencies.views Error message
2025-11-12 11:45:27,976 ERROR exchanges.views Error message
2025-11-12 11:45:37,895 ERROR registration.views Error message
2025-11-12 11:45:37,936 ERROR news.views Error message
2025-11-12 11:45:37,976 ERROR cryptocurrencies.views Error message
2025-11-12 11:45:38,017 ERROR exchanges.views Error message
2025-11-16 11:14:11,569 ERROR registration.views Error message
2025-11-16 11:14:11,709 ERROR news.views Error message
2025-11-16 11:14:11,822 ERROR cryptocurrencies.views Error message
2025-11-16 11:14:11,947 ERROR exchanges.views Error message
2025-11-16 11:17:56,297 ERROR registration.views Error message
2025-11-16 11:17:56,363 ERROR news.views Error message
2025-11-16 11:17:56,409 ERROR cryptocurrencies.views Error message
2025-11-16 11:17:56,442 ERROR exchanges.views Error message
2025-11-16 11:43:57,374 ERROR asyncio Unclosed client session
client_session: <aiohttp.client.ClientSession object at 0x7f729b1d8d70>
2025-11-16 11:43:57,382 ERROR asyncio Unclosed connector
connections: ['deque([(<aiohttp.client_proto.ResponseHandler object at 0x7f729b1a2210>, 1430.441952246)])']
connector: <aiohttp.connector.TCPConnector object at 0x7f729b647b60>
2025-12-03 12:02:43,030 ERROR registration.views Error message
2025-12-03 12:02:43,122 ERROR news.views Error message
2025-12-03 12:02:43,195 ERROR cryptocurrencies.views Error message
2025-12-03 12:02:43,268 ERROR exchanges.views Error message
2025-12-03 12:03:15,100 ERROR registration.views Error message
2025-12-03 12:03:15,146 ERROR news.views Error message
2025-12-03 12:03:15,193 ERROR cryptocurrencies.views Error message
2025-12-03 12:03:15,231 ERROR exchanges.views Error message
2025-12-03 12:09:48,837 ERROR registration.views Error message
2025-12-03 12:09:48,854 ERROR news.views Error message
2025-12-03 12:09:48,870 ERROR cryptocurrencies.views Error message
2025-12-03 12:09:48,890 ERROR exchanges.views Error message
2025-12-03 12:10:23,889 ERROR registration.views Error message
2025-12-03 12:10:23,903 ERROR news.views Error message
2025-12-03 12:10:23,915 ERROR cryptocurrencies.views Error message
2025-12-03 12:10:23,929 ERROR exchanges.views Error message
2025-12-04 19:37:51,336 ERROR registration.views Error message
2025-12-04 19:37:51,364 ERROR news.views Error message
2025-12-04 19:37:51,424 ERROR cryptocurrencies.views Error message
2025-12-04 19:37:51,484 ERROR exchanges.views Error message
2025-12-04 19:38:02,842 ERROR registration.views Error message
2025-12-04 19:38:02,885 ERROR news.views Error message
2025-12-04 19:38:02,923 ERROR cryptocurrencies.views Error message
2025-12-04 19:38:02,965 ERROR exchanges.views Error message
2025-12-04 19:56:15,077 ERROR registration.views Error message
2025-12-04 19:56:15,113 ERROR news.views Error message
2025-12-04 19:56:15,134 ERROR cryptocurrencies.views Error message
2025-12-04 19:56:15,158 ERROR exchanges.views Error message
2025-12-04 19:56:33,203 ERROR registration.views Error message
2025-12-04 19:56:33,269 ERROR news.views Error message
2025-12-04 19:56:33,327 ERROR cryptocurrencies.views Error message
2025-12-04 19:56:33,398 ERROR exchanges.views Error message
2025-12-04 19:58:23,149 ERROR registration.views Error message
2025-12-04 19:58:23,172 ERROR news.views Error message
2025-12-04 19:58:23,200 ERROR cryptocurrencies.views Error message
2025-12-04 19:58:23,216 ERROR exchanges.views Error message
2025-12-04 19:58:36,618 ERROR registration.views Error message
2025-12-04 19:58:36,681 ERROR news.views Error message
2025-12-04 19:58:36,748 ERROR cryptocurrencies.views Error message
2025-12-04 19:58:36,822 ERROR exchanges.views Error message
2025-12-04 20:12:45,554 ERROR registration.views Error message
2025-12-04 20:12:45,570 ERROR news.views Error message
2025-12-04 20:12:45,583 ERROR cryptocurrencies.views Error message
2025-12-04 20:12:45,594 ERROR exchanges.views Error message
2025-12-04 20:12:45,610 ERROR telegramChat.views Error message
2025-12-04 20:12:58,656 ERROR registration.views Error message
2025-12-04 20:12:58,743 ERROR news.views Error message
2025-12-04 20:12:58,961 ERROR cryptocurrencies.views Error message
2025-12-04 20:12:59,330 ERROR exchanges.views Error message
2025-12-04 20:12:59,380 ERROR telegramChat.views Error message
2025-12-10 11:44:25,023 ERROR registration.views Error message
2025-12-10 11:44:25,112 ERROR news.views Error message
2025-12-10 11:44:25,181 ERROR cryptocurrencies.views Error message
2025-12-10 11:44:25,255 ERROR exchanges.views Error message
2025-12-10 11:44:25,322 ERROR telegramChat.views Error message
2025-12-10 11:44:58,145 ERROR registration.views Error message
2025-12-10 11:44:58,192 ERROR news.views Error message
2025-12-10 11:44:58,290 ERROR cryptocurrencies.views Error message
2025-12-10 11:44:58,336 ERROR exchanges.views Error message
2025-12-10 11:44:58,390 ERROR telegramChat.views Error message
2025-12-10 15:09:19,003 ERROR registration.views Error message
2025-12-10 15:09:19,033 ERROR news.views Error message
2025-12-10 15:10:18,441 ERROR registration.views Error message
2025-12-10 15:10:18,456 ERROR news.views Error message
2025-12-10 15:13:08,202 ERROR registration.views Error message
2025-12-10 15:13:08,217 ERROR news.views Error message
2025-12-10 15:13:08,252 ERROR cryptocurrencies.views Error message
2025-12-10 15:13:08,266 ERROR exchanges.views Error message
2025-12-10 15:13:08,278 ERROR telegramChat.views Error message
2025-12-10 15:13:28,717 ERROR registration.views Error message
2025-12-10 15:13:28,752 ERROR news.views Error message
2025-12-10 15:13:28,796 ERROR cryptocurrencies.views Error message
2025-12-10 15:13:28,853 ERROR exchanges.views Error message
2025-12-10 15:13:28,911 ERROR telegramChat.views Error message
2025-12-10 15:26:56,039 ERROR registration.views Error message
2025-12-10 15:26:56,075 ERROR news.views Error message
2025-12-10 15:26:56,113 ERROR cryptocurrencies.views Error message
2025-12-10 15:26:56,143 ERROR exchanges.views Error message
2025-12-10 15:26:56,170 ERROR telegramChat.views Error message
2025-12-10 15:27:18,413 ERROR registration.views Error message
2025-12-10 15:27:18,454 ERROR news.views Error message
2025-12-10 15:27:18,495 ERROR cryptocurrencies.views Error message
2025-12-10 15:27:18,538 ERROR exchanges.views Error message
2025-12-10 15:27:18,583 ERROR telegramChat.views Error message
2025-12-16 19:14:11,797 ERROR registration.views Error message
2025-12-16 19:14:11,875 ERROR news.views Error message
2025-12-16 19:14:11,934 ERROR cryptocurrencies.views Error message
2025-12-16 19:14:11,992 ERROR exchanges.views Error message
2025-12-16 19:14:12,052 ERROR telegramChat.views Error message
2025-12-16 19:19:23,066 ERROR registration.views Error message
2025-12-16 19:19:23,087 ERROR news.views Error message
2025-12-16 19:19:23,107 ERROR cryptocurrencies.views Error message
2025-12-16 19:19:23,125 ERROR exchanges.views Error message
2025-12-16 19:19:23,143 ERROR telegramChat.views Error message
2025-12-16 19:19:23,363 ERROR registration.views Error during registration: column "is_active" of relation "registration_user" does not exist
LINE 1: ...user" ("role", "login", "email", "password_hash", "is_active...
                                                             ^

2025-12-16 19:19:23,367 ERROR django.request Internal Server Error: /registration/auth/register/
2025-12-16 19:20:31,079 ERROR registration.views Error during registration: column "is_active" of relation "registration_user" does not exist
LINE 1: ...user" ("role", "login", "email", "password_hash", "is_active...
                                                             ^

2025-12-16 19:20:31,082 ERROR django.request Internal Server Error: /registration/auth/register/
2025-12-16 19:23:43,930 ERROR registration.views Error message
2025-12-16 19:23:43,955 ERROR news.views Error message
2025-12-16 19:23:43,973 ERROR cryptocurrencies.views Error message
2025-12-16 19:23:43,989 ERROR exchanges.views Error message
2025-12-16 19:23:44,004 ERROR telegramChat.views Error message
2025-12-16 19:23:46,412 ERROR registration.views Error message
2025-12-16 19:23:46,437 ERROR news.views Error message
2025-12-16 19:23:46,460 ERROR cryptocurrencies.views Error message
2025-12-16 19:23:46,483 ERROR exchanges.views Error message
2025-12-16 19:23:46,504 ERROR telegramChat.views Error message
2025-12-16 19:24:26,527 ERROR registration.views Error message
2025-12-16 19:24:26,535 ERROR news.views Error message
2025-12-16 19:24:26,543 ERROR cryptocurrencies.views Error message
2025-12-16 19:24:26,550 ERROR exchanges.views Error message
2025-12-16 19:24:26,557 ERROR telegramChat.views Error message
2025-12-16 19:24:46,622 ERROR registration.views Error message
2025-12-16 19:24:46,632 ERROR news.views Error message
2025-12-16 19:24:46,639 ERROR cryptocurrencies.views Error message
2025-12-16 19:24:46,647 ERROR exchanges.views Error message
2025-12-16 19:24:46,654 ERROR telegramChat.views Error message
2025-12-16 19:25:07,997 ERROR registration.views Error message
2025-12-16 19:25:08,011 ERROR news.views Error message
2025-12-16 19:25:08,024 ERROR cryptocurrencies.views Error message
2025-12-16 19:25:08,037 ERROR exchanges.views Error message
2025-12-16 19:25:08,046 ERROR telegramChat.views Error message
2025-12-16 19:27:28,548 ERROR registration.views Error message
2025-12-16 19:27:28,557 ERROR news.views Error message
2025-12-16 19:27:28,564 ERROR cryptocurrencies.views Error message
2025-12-16 19:27:28,571 ERROR exchanges.views Error message
2025-12-16 19:27:28,578 ERROR telegramChat.views Error message
2025-12-16 19:27:28,828 ERROR registration.views Error during registration: registration/email_confirmation.html
2025-12-16 19:27:28,829 ERROR django.request Internal Server Error: /registration/auth/register/
2025-12-16 19:58:47,585 ERROR registration.views Error message
2025-12-16 19:58:47,617 ERROR news.views Error message
2025-12-16 19:58:47,631 ERROR cryptocurrencies.views Error message
2025-12-16 19:58:47,647 ERROR exchanges.views Error message
2025-12-16 19:58:47,673 ERROR telegramChat.views Error message
2025-12-16 19:59:28,419 ERROR registration.views Error message
2025-12-16 19:59:28,433 ERROR news.views Error message
2025-12-16 19:59:28,445 ERROR cryptocurrencies.views Error message
2025-12-16 19:59:28,456 ERROR exchanges.views Error message
2025-12-16 19:59:28,467 ERROR telegramChat.views Error message
2025-12-16 20:00:10,676 ERROR registration.views Failed to send confirmation email: 'ascii' codec can't encode characters in position 20-22: ordinal not in range(128)
2025-12-16 20:11:45,042 ERROR registration.views Error message
2025-12-16 20:11:45,061 ERROR news.views Error message
2025-12-16 20:11:45,077 ERROR cryptocurrencies.views Error message
2025-12-16 20:11:45,094 ERROR exchanges.views Error message
2025-12-16 20:11:45,112 ERROR telegramChat.views Error message
2025-12-16 20:13:04,303 ERROR registration.views Error message
2025-12-16 20:13:04,342 ERROR news.views Error message
2025-12-16 20:13:04,381 ERROR cryptocurrencies.views Error message
2025-12-16 20:13:04,447 ERROR exchanges.views Error message
2025-12-16 20:13:04,484 ERROR telegramChat.views Error message
2025-12-17 10:14:20,887 ERROR registration.views Error message
2025-12-17 10:14:20,911 ERROR news.views Error message
2025-12-17 10:14:20,944 ERROR cryptocurrencies.views Error message
2025-12-17 10:14:20,963 ERROR exchanges.views Error message
2025-12-17 10:14:20,988 ERROR telegramChat.views Error message
2025-12-17 10:15:27,499 ERROR registration.views Error message
2025-12-17 10:15:27,513 ERROR news.views Error message
2025-12-17 10:15:27,531 ERROR cryptocurrencies.views Error message
2025-12-17 10:15:27,576 ERROR exchanges.views Error message
2025-12-17 10:15:27,610 ERROR telegramChat.views Error message
2025-12-20 13:15:35,010 ERROR registration.views Error message
2025-12-20 13:15:35,066 ERROR news.views Error message
2025-12-20 13:15:35,134 ERROR cryptocurrencies.views Error message
2025-12-20 13:15:35,185 ERROR exchanges.views Error message
2025-12-20 13:15:35,210 ERROR telegramChat.views Error message
2025-12-20 13:16:16,865 ERROR registration.views Error message
2025-12-20 13:16:16,948 ERROR news.views Error message
2025-12-20 13:16:17,003 ERROR cryptocurrencies.views Error message
2025-12-20 13:16:17,058 ERROR exchanges.views Error message
2025-12-20 13:16:17,110 ERROR telegramChat.views Error message
2025-12-20 13:16:17,171 ERROR registration.views Error refreshing token: User matching query does not exist.
2025-12-20 13:16:17,174 ERROR django.request Internal Server Error: /registration/auth/refresh/
2025-12-20 16:41:45,802 ERROR registration.views Error message
2025-12-20 16:41:45,824 ERROR news.views Error message
2025-12-20 16:41:45,853 ERROR cryptocurrencies.views Error message
2025-12-20 16:41:45,878 ERROR exchanges.views Error message
2025-12-20 16:41:45,910 ERROR portfolios.views Error message
2025-12-20 16:41:45,939 ERROR telegramChat.views Error message
2025-12-20 16:42:38,020 ERROR registration.views Error message
2025-12-20 16:42:38,074 ERROR news.views Error message
2025-12-20 16:42:38,108 ERROR cryptocurrencies.views Error message
2025-12-20 16:42:38,141 ERROR exchanges.views Error message
2025-12-20 16:42:38,176 ERROR portfolios.views Error message
2025-12-20 16:42:38,206 ERROR telegramChat.views Error message
2025-12-20 16:54:17,803 ERROR registration.views Error message
2025-12-20 16:54:17,825 ERROR news.views Error message
2025-12-20 16:54:17,839 ERROR cryptocurrencies.views Error message
2025-12-20 16:54:17,849 ERROR exchanges.views Error message
2025-12-20 16:54:17,860 ERROR portfolios.views Error message
2025-12-20 16:54:17,872 ERROR telegramChat.views Error message
2025-12-20 16:55:29,362 ERROR registration.views Error message
2025-12-20 16:55:29,419 ERROR news.views Error message
2025-12-20 16:55:29,483 ERROR cryptocurrencies.views Error message
2025-12-20 16:55:29,515 ERROR exchanges.views Error message
2025-12-20 16:55:29,543 ERROR portfolios.views Error message
2025-12-20 16:55:29,563 ERROR telegramChat.views Error message
2025-12-23 11:03:04,838 ERROR registration.views Error message
2025-12-23 11:03:05,136 ERROR news.views Error message
2025-12-23 11:03:05,412 ERROR cryptocurrencies.views Error message
2025-12-23 11:03:05,674 ERROR exchanges.views Error message
2025-12-23 11:03:05,893 ERROR portfolios.views Error message
2025-12-23 11:03:06,121 ERROR telegramChat.views Error message
2025-12-23 11:04:13,235 ERROR registration.views Error message
2025-12-23 11:04:13,294 ERROR news.views Error message
2025-12-23 11:04:13,336 ERROR cryptocurrencies.views Error message
2025-12-23 11:04:13,401 ERROR exchanges.views Error message
2025-12-23 11:04:13,436 ERROR portfolios.views Error message
2025-12-23 11:04:13,476 ERROR telegramChat.views Error message
2025-12-23 11:13:02,053 ERROR registration.views Error message
2025-12-23 11:13:02,137 ERROR news.views Error message
2025-12-23 11:13:02,206 ERROR cryptocurrencies.views Error message
2025-12-23 11:13:02,262 ERROR exchanges.views Error message
2025-12-23 11:13:02,280 ERROR portfolios.views Error message
2025-12-23 11:13:02,336 ERROR telegramChat.views Error message
2025-12-23 11:13:39,015 ERROR registration.views Error message
2025-12-23 11:13:39,074 ERROR news.views Error message
2025-12-23 11:13:39,147 ERROR cryptocurrencies.views Error message
2025-12-23 11:13:39,219 ERROR exchanges.views Error message
2025-12-23 11:13:39,287 ERROR portfolios.views Error message
2025-12-23 11:13:39,353 ERROR telegramChat.views Error message
2025-12-23 11:15:53,605 ERROR asyncio Unclosed client session
client_session: <aiohttp.client.ClientSession object at 0x7909531d9160>
2025-12-23 11:15:53,612 ERROR asyncio Unclosed connector
connections: ['deque([(<aiohttp.client_proto.ResponseHandler object at 0x79095318ee70>, 673.520100896)])']
connector: <aiohttp.connector.TCPConnector object at 0x7909531d8980>
2025-12-23 12:06:28,913 ERROR registration.views Error message
2025-12-23 12:06:28,965 ERROR news.views Error message
2025-12-23 12:06:28,997 ERROR cryptocurrencies.views Error message
2025-12-23 12:06:29,009 ERROR exchanges.views Error message
2025-12-23 12:06:29,032 ERROR portfolios.views Error message
2025-12-23 12:06:29,057 ERROR telegramChat.views Error message
2025-12-23 12:10:01,922 ERROR registration.views Error message
2025-12-23 12:10:01,938 ERROR news.views Error message
2025-12-23 12:10:01,952 ERROR cryptocurrencies.views Error message
2025-12-23 12:10:01,969 ERROR exchanges.views Error message
2025-12-23 12:10:01,995 ERROR portfolios.views Error message
2025-12-23 12:10:02,022 ERROR telegramChat.views Error message
2025-12-23 12:16:50,039 ERROR registration.views Error message
2025-12-23 12:16:50,058 ERROR news.views Error message
2025-12-23 12:16:50,076 ERROR cryptocurrencies.views Error message
2025-12-23 12:16:50,097 ERROR exchanges.views Error message
2025-12-23 12:16:50,116 ERROR portfolios.views Error message
2025-12-23 12:16:50,131 ERROR telegramChat.views Error message
2025-12-23 12:17:26,408 ERROR registration.views Error message
2025-12-23 12:17:26,421 ERROR news.views Error message
2025-12-23 12:17:26,431 ERROR cryptocurrencies.views Error message
2025-12-23 12:17:26,442 ERROR exchanges.views Error message
2025-12-23 12:17:26,454 ERROR portfolios.views Error message
2025-12-23 12:17:26,467 ERROR telegramChat.views Error message
2025-12-23 12:19:52,970 ERROR asyncio Unclosed client session
client_session: <aiohttp.client.ClientSession object at 0x7b6e94015160>
2025-12-23 12:19:52,982 ERROR asyncio Unclosed connector
connections: ['deque([(<aiohttp.client_proto.ResponseHandler object at 0x7b6e93fcb590>, 4497.161694885)])']
connector: <aiohttp.connector.TCPConnector object at 0x7b6e94014980>
2025-12-23 12:34:34,010 ERROR registration.views Error message
2025-12-23 12:34:34,029 ERROR news.views Error message
2025-12-23 12:34:34,046 ERROR cryptocurrencies.views Error message
2025-12-23 12:34:34,063 ERROR exchanges.views Error message
2025-12-23 12:34:34,078 ERROR portfolios.views Error message
2025-12-23 12:34:34,092 ERROR telegramChat.views Error message
2025-12-23 12:35:09,809 ERROR registration.views Error message
2025-12-23 12:35:09,837 ERROR news.views Error message
2025-12-23 12:35:09,859 ERROR cryptocurrencies.views Error message
2025-12-23 12:35:09,883 ERROR exchanges.views Error message
2025-12-23 12:35:09,907 ERROR portfolios.views Error message
2025-12-23 12:35:09,927 ERROR telegramChat.views Error message
2025-12-23 12:41:04,448 ERROR registration.views Error message
2025-12-23 12:41:04,464 ERROR news.views Error message
2025-12-23 12:41:04,478 ERROR cryptocurrencies.views Error message
2025-12-23 12:41:04,494 ERROR exchanges.views Error message
2025-12-23 12:41:04,510 ERROR portfolios.views Error message
2025-12-23 12:41:04,523 ERROR telegramChat.views Error message
2025-12-23 12:41:22,886 ERROR registration.views Error message
2025-12-23 12:41:22,918 ERROR news.views Error message
2025-12-23 12:41:22,945 ERROR cryptocurrencies.views Error message
2025-12-23 12:41:22,973 ERROR exchanges.views Error message
2025-12-23 12:41:22,998 ERROR portfolios.views Error message
2025-12-23 12:41:23,020 ERROR telegramChat.views Error message
2025-12-24 10:48:28,988 ERROR registration.views Error message
2025-12-24 10:48:29,024 ERROR news.views Error message
2025-12-24 10:48:29,056 ERROR cryptocurrencies.views Error message
2025-12-24 10:48:29,085 ERROR exchanges.views Error message
2025-12-24 10:48:29,119 ERROR portfolios.views Error message
2025-12-24 10:48:29,154 ERROR telegramChat.views Error message
2025-12-24 10:49:01,682 ERROR registration.views Error message
2025-12-24 10:49:01,724 ERROR news.views Error message
2025-12-24 10:49:01,771 ERROR cryptocurrencies.views Error message
2025-12-24 10:49:01,837 ERROR exchanges.views Error message
2025-12-24 10:49:01,889 ERROR portfolios.views Error message
2025-12-24 10:49:01,948 ERROR telegramChat.views Error message
2025-12-24 12:08:03,424 ERROR registration.views Error message
2025-12-24 12:08:03,453 ERROR news.views Error message
2025-12-24 12:08:03,483 ERROR cryptocurrencies.views Error message
2025-12-24 12:08:03,513 ERROR exchanges.views Error message
2025-12-24 12:08:03,547 ERROR portfolios.views Error message
2025-12-24 12:08:03,581 ERROR telegramChat.views Error message
2025-12-24 12:09:13,385 ERROR registration.views Error message
2025-12-24 12:09:13,400 ERROR news.views Error message
2025-12-24 12:09:13,414 ERROR cryptocurrencies.views Error message
2025-12-24 12:09:13,425 ERROR exchanges.views Error message
2025-12-24 12:09:13,437 ERROR portfolios.views Error message
2025-12-24 12:09:13,447 ERROR telegramChat.views Error message
2025-12-24 12:19:06,781 ERROR registration.views Error message
2025-12-24 12:19:06,805 ERROR news.views Error message
2025-12-24 12:19:06,823 ERROR cryptocurrencies.views Error message
2025-12-24 12:19:06,837 ERROR exchanges.views Error message
2025-12-24 12:19:06,878 ERROR portfolios.views Error message
2025-12-24 12:19:06,917 ERROR telegramChat.views Error message
2025-12-24 12:20:35,341 ERROR registration.views Error message
2025-12-24 12:20:35,388 ERROR news.views Error message
2025-12-24 12:20:35,462 ERROR cryptocurrencies.views Error message
2025-12-24 12:20:35,527 ERROR exchanges.views Error message
2025-12-24 12:20:35,593 ERROR portfolios.views Error message
2025-12-24 12:20:35,654 ERROR telegramChat.views Error message
