2025-10-29 14:16:58,090 INFO registration.views Info message
2025-10-29 14:17:00,281 INFO registration.tests Info message
2025-10-29 14:17:00,973 INFO registration.views Info message
2025-11-09 14:19:14,135 INFO registration.views Info message
2025-11-09 14:19:14,250 INFO news.views Info message
2025-11-09 14:19:14,357 INFO cryptocurrencies.views Info message
2025-11-09 14:19:22,152 INFO registration.views Info message
2025-11-09 14:19:22,208 INFO news.views Info message
2025-11-09 14:19:22,240 INFO cryptocurrencies.views Info message
2025-11-09 14:22:07,044 INFO registration.views Info message
2025-11-09 14:22:07,072 INFO news.views Info message
2025-11-09 14:22:07,090 INFO cryptocurrencies.views Info message
2025-11-09 14:23:05,025 INFO registration.views Info message
2025-11-09 14:23:05,208 INFO news.views Info message
2025-11-09 14:23:05,379 INFO cryptocurrencies.views Info message
2025-11-09 14:25:46,551 INFO registration.views Info message
2025-11-09 14:25:46,571 INFO news.views Info message
2025-11-09 14:25:46,593 INFO cryptocurrencies.views Info message
2025-11-09 14:26:20,733 INFO registration.views Info message
2025-11-09 14:26:20,781 INFO news.views Info message
2025-11-09 14:26:20,835 INFO cryptocurrencies.views Info message
2025-11-09 14:28:25,530 INFO registration.views Info message
2025-11-09 14:28:25,562 INFO news.views Info message
2025-11-09 14:28:25,585 INFO cryptocurrencies.views Info message
2025-11-09 14:28:37,294 INFO registration.views Info message
2025-11-09 14:28:37,316 INFO news.views Info message
2025-11-09 14:28:37,336 INFO cryptocurrencies.views Info message
2025-11-09 14:34:41,517 INFO registration.views Info message
2025-11-09 14:34:41,554 INFO news.views Info message
2025-11-09 14:34:41,581 INFO cryptocurrencies.views Info message
2025-11-09 14:34:56,112 INFO registration.views Info message
2025-11-09 14:34:56,168 INFO news.views Info message
2025-11-09 14:34:56,227 INFO cryptocurrencies.views Info message
2025-11-09 14:37:48,108 INFO registration.views Info message
2025-11-09 14:39:44,068 INFO registration.views Info message
2025-11-09 14:39:44,098 INFO news.views Info message
2025-11-09 14:39:44,147 INFO cryptocurrencies.views Info message
2025-11-09 14:44:58,107 INFO registration.views Info message
2025-11-09 14:44:58,128 INFO news.views Info message
2025-11-09 14:44:58,149 INFO cryptocurrencies.views Info message
2025-11-09 14:44:58,168 INFO exchanges.views Info message
2025-11-09 14:45:18,652 INFO registration.views Info message
2025-11-09 14:45:18,672 INFO news.views Info message
2025-11-09 14:45:18,701 INFO cryptocurrencies.views Info message
2025-11-09 14:45:18,737 INFO exchanges.views Info message
2025-11-09 14:45:37,935 INFO registration.views Info message
2025-11-09 14:45:37,955 INFO news.views Info message
2025-11-09 14:45:37,979 INFO cryptocurrencies.views Info message
2025-11-09 14:45:38,000 INFO exchanges.views Info message
2025-11-09 14:47:26,018 INFO registration.views Info message
2025-11-09 14:47:26,171 INFO news.views Info message
2025-11-09 14:47:26,257 INFO cryptocurrencies.views Info message
2025-11-09 14:47:26,316 INFO exchanges.views Info message
2025-11-09 14:47:36,914 INFO registration.views Info message
2025-11-09 14:47:36,949 INFO news.views Info message
2025-11-09 14:47:37,018 INFO cryptocurrencies.views Info message
2025-11-09 14:47:37,053 INFO exchanges.views Info message
2025-11-09 14:47:44,256 INFO registration.views Info message
2025-11-09 14:47:44,306 INFO news.views Info message
2025-11-09 14:47:44,418 INFO cryptocurrencies.views Info message
2025-11-09 14:47:44,485 INFO exchanges.views Info message
2025-11-09 14:48:32,521 INFO registration.views Info message
2025-11-09 14:48:32,551 INFO news.views Info message
2025-11-09 14:48:32,610 INFO cryptocurrencies.views Info message
2025-11-09 14:48:32,647 INFO exchanges.views Info message
2025-11-11 11:23:07,935 INFO registration.views Info message
2025-11-11 11:23:08,039 INFO news.views Info message
2025-11-11 11:23:08,077 INFO cryptocurrencies.views Info message
2025-11-11 11:23:08,109 INFO exchanges.views Info message
2025-11-11 11:23:36,276 INFO registration.views Info message
2025-11-11 11:23:36,340 INFO news.views Info message
2025-11-11 11:23:36,394 INFO cryptocurrencies.views Info message
2025-11-11 11:23:36,467 INFO exchanges.views Info message
2025-11-12 11:45:27,772 INFO registration.views Info message
2025-11-12 11:45:27,872 INFO news.views Info message
2025-11-12 11:45:27,923 INFO cryptocurrencies.views Info message
2025-11-12 11:45:27,976 INFO exchanges.views Info message
2025-11-12 11:45:37,894 INFO registration.views Info message
2025-11-12 11:45:37,935 INFO news.views Info message
2025-11-12 11:45:37,976 INFO cryptocurrencies.views Info message
2025-11-12 11:45:38,017 INFO exchanges.views Info message
2025-11-16 11:14:11,568 INFO registration.views Info message
2025-11-16 11:14:11,708 INFO news.views Info message
2025-11-16 11:14:11,822 INFO cryptocurrencies.views Info message
2025-11-16 11:14:11,946 INFO exchanges.views Info message
2025-11-16 11:17:56,295 INFO registration.views Info message
2025-11-16 11:17:56,362 INFO news.views Info message
2025-11-16 11:17:56,408 INFO cryptocurrencies.views Info message
2025-11-16 11:17:56,442 INFO exchanges.views Info message
2025-11-16 11:34:32,260 INFO telegramBot.bot Message sent to admin from user 2 (newuser)
2025-12-03 12:02:43,028 INFO registration.views Info message
2025-12-03 12:02:43,030 ERROR registration.views Error message
2025-12-03 12:02:43,121 INFO news.views Info message
2025-12-03 12:02:43,122 ERROR news.views Error message
2025-12-03 12:02:43,194 INFO cryptocurrencies.views Info message
2025-12-03 12:02:43,195 ERROR cryptocurrencies.views Error message
2025-12-03 12:02:43,267 INFO exchanges.views Info message
2025-12-03 12:02:43,268 ERROR exchanges.views Error message
2025-12-03 12:03:15,099 INFO registration.views Info message
2025-12-03 12:03:15,100 ERROR registration.views Error message
2025-12-03 12:03:15,144 INFO news.views Info message
2025-12-03 12:03:15,146 ERROR news.views Error message
2025-12-03 12:03:15,192 INFO cryptocurrencies.views Info message
2025-12-03 12:03:15,193 ERROR cryptocurrencies.views Error message
2025-12-03 12:03:15,230 INFO exchanges.views Info message
2025-12-03 12:03:15,231 ERROR exchanges.views Error message
2025-12-03 12:09:48,836 INFO registration.views Info message
2025-12-03 12:09:48,837 ERROR registration.views Error message
2025-12-03 12:09:48,853 INFO news.views Info message
2025-12-03 12:09:48,854 ERROR news.views Error message
2025-12-03 12:09:48,869 INFO cryptocurrencies.views Info message
2025-12-03 12:09:48,870 ERROR cryptocurrencies.views Error message
2025-12-03 12:09:48,889 INFO exchanges.views Info message
2025-12-03 12:09:48,890 ERROR exchanges.views Error message
2025-12-03 12:10:23,888 INFO registration.views Info message
2025-12-03 12:10:23,889 ERROR registration.views Error message
2025-12-03 12:10:23,903 INFO news.views Info message
2025-12-03 12:10:23,903 ERROR news.views Error message
2025-12-03 12:10:23,914 INFO cryptocurrencies.views Info message
2025-12-03 12:10:23,915 ERROR cryptocurrencies.views Error message
2025-12-03 12:10:23,929 INFO exchanges.views Info message
2025-12-03 12:10:23,929 ERROR exchanges.views Error message
2025-12-03 12:14:55,455 WARNING django.request Bad Request: /registration/auth/login/
2025-12-04 19:37:51,335 INFO registration.views Info message
2025-12-04 19:37:51,336 ERROR registration.views Error message
2025-12-04 19:37:51,363 INFO news.views Info message
2025-12-04 19:37:51,364 ERROR news.views Error message
2025-12-04 19:37:51,423 INFO cryptocurrencies.views Info message
2025-12-04 19:37:51,424 ERROR cryptocurrencies.views Error message
2025-12-04 19:37:51,484 INFO exchanges.views Info message
2025-12-04 19:37:51,484 ERROR exchanges.views Error message
2025-12-04 19:38:02,840 INFO registration.views Info message
2025-12-04 19:38:02,842 ERROR registration.views Error message
2025-12-04 19:38:02,884 INFO news.views Info message
2025-12-04 19:38:02,885 ERROR news.views Error message
2025-12-04 19:38:02,922 INFO cryptocurrencies.views Info message
2025-12-04 19:38:02,923 ERROR cryptocurrencies.views Error message
2025-12-04 19:38:02,964 INFO exchanges.views Info message
2025-12-04 19:38:02,965 ERROR exchanges.views Error message
2025-12-04 19:56:15,076 INFO registration.views Info message
2025-12-04 19:56:15,077 ERROR registration.views Error message
2025-12-04 19:56:15,112 INFO news.views Info message
2025-12-04 19:56:15,113 ERROR news.views Error message
2025-12-04 19:56:15,134 INFO cryptocurrencies.views Info message
2025-12-04 19:56:15,134 ERROR cryptocurrencies.views Error message
2025-12-04 19:56:15,158 INFO exchanges.views Info message
2025-12-04 19:56:15,158 ERROR exchanges.views Error message
2025-12-04 19:56:33,201 INFO registration.views Info message
2025-12-04 19:56:33,203 ERROR registration.views Error message
2025-12-04 19:56:33,267 INFO news.views Info message
2025-12-04 19:56:33,269 ERROR news.views Error message
2025-12-04 19:56:33,325 INFO cryptocurrencies.views Info message
2025-12-04 19:56:33,327 ERROR cryptocurrencies.views Error message
2025-12-04 19:56:33,396 INFO exchanges.views Info message
2025-12-04 19:56:33,398 ERROR exchanges.views Error message
2025-12-04 19:58:23,148 INFO registration.views Info message
2025-12-04 19:58:23,149 ERROR registration.views Error message
2025-12-04 19:58:23,171 INFO news.views Info message
2025-12-04 19:58:23,172 ERROR news.views Error message
2025-12-04 19:58:23,199 INFO cryptocurrencies.views Info message
2025-12-04 19:58:23,200 ERROR cryptocurrencies.views Error message
2025-12-04 19:58:23,216 INFO exchanges.views Info message
2025-12-04 19:58:23,216 ERROR exchanges.views Error message
2025-12-04 19:58:36,616 INFO registration.views Info message
2025-12-04 19:58:36,618 ERROR registration.views Error message
2025-12-04 19:58:36,679 INFO news.views Info message
2025-12-04 19:58:36,681 ERROR news.views Error message
2025-12-04 19:58:36,746 INFO cryptocurrencies.views Info message
2025-12-04 19:58:36,748 ERROR cryptocurrencies.views Error message
2025-12-04 19:58:36,820 INFO exchanges.views Info message
2025-12-04 19:58:36,822 ERROR exchanges.views Error message
2025-12-04 20:12:45,554 INFO registration.views Info message
2025-12-04 20:12:45,554 ERROR registration.views Error message
2025-12-04 20:12:45,569 INFO news.views Info message
2025-12-04 20:12:45,570 ERROR news.views Error message
2025-12-04 20:12:45,583 INFO cryptocurrencies.views Info message
2025-12-04 20:12:45,583 ERROR cryptocurrencies.views Error message
2025-12-04 20:12:45,593 INFO exchanges.views Info message
2025-12-04 20:12:45,594 ERROR exchanges.views Error message
2025-12-04 20:12:45,610 INFO telegramChat.views Info message
2025-12-04 20:12:45,610 ERROR telegramChat.views Error message
2025-12-04 20:12:58,654 INFO registration.views Info message
2025-12-04 20:12:58,656 ERROR registration.views Error message
2025-12-04 20:12:58,742 INFO news.views Info message
2025-12-04 20:12:58,743 ERROR news.views Error message
2025-12-04 20:12:58,955 INFO cryptocurrencies.views Info message
2025-12-04 20:12:58,961 ERROR cryptocurrencies.views Error message
2025-12-04 20:12:59,328 INFO exchanges.views Info message
2025-12-04 20:12:59,330 ERROR exchanges.views Error message
2025-12-04 20:12:59,378 INFO telegramChat.views Info message
2025-12-04 20:12:59,380 ERROR telegramChat.views Error message
2025-12-10 11:44:25,022 INFO registration.views Info message
2025-12-10 11:44:25,023 ERROR registration.views Error message
2025-12-10 11:44:25,111 INFO news.views Info message
2025-12-10 11:44:25,112 ERROR news.views Error message
2025-12-10 11:44:25,180 INFO cryptocurrencies.views Info message
2025-12-10 11:44:25,181 ERROR cryptocurrencies.views Error message
2025-12-10 11:44:25,254 INFO exchanges.views Info message
2025-12-10 11:44:25,255 ERROR exchanges.views Error message
2025-12-10 11:44:25,321 INFO telegramChat.views Info message
2025-12-10 11:44:25,322 ERROR telegramChat.views Error message
2025-12-10 11:44:58,144 INFO registration.views Info message
2025-12-10 11:44:58,145 ERROR registration.views Error message
2025-12-10 11:44:58,191 INFO news.views Info message
2025-12-10 11:44:58,192 ERROR news.views Error message
2025-12-10 11:44:58,288 INFO cryptocurrencies.views Info message
2025-12-10 11:44:58,290 ERROR cryptocurrencies.views Error message
2025-12-10 11:44:58,334 INFO exchanges.views Info message
2025-12-10 11:44:58,336 ERROR exchanges.views Error message
2025-12-10 11:44:58,388 INFO telegramChat.views Info message
2025-12-10 11:44:58,390 ERROR telegramChat.views Error message
2025-12-10 15:09:19,002 INFO registration.views Info message
2025-12-10 15:09:19,003 ERROR registration.views Error message
2025-12-10 15:09:19,032 INFO news.views Info message
2025-12-10 15:09:19,033 ERROR news.views Error message
2025-12-10 15:10:18,440 INFO registration.views Info message
2025-12-10 15:10:18,441 ERROR registration.views Error message
2025-12-10 15:10:18,456 INFO news.views Info message
2025-12-10 15:10:18,456 ERROR news.views Error message
2025-12-10 15:13:08,201 INFO registration.views Info message
2025-12-10 15:13:08,202 ERROR registration.views Error message
2025-12-10 15:13:08,216 INFO news.views Info message
2025-12-10 15:13:08,217 ERROR news.views Error message
2025-12-10 15:13:08,252 INFO cryptocurrencies.views Info message
2025-12-10 15:13:08,252 ERROR cryptocurrencies.views Error message
2025-12-10 15:13:08,265 INFO exchanges.views Info message
2025-12-10 15:13:08,266 ERROR exchanges.views Error message
2025-12-10 15:13:08,277 INFO telegramChat.views Info message
2025-12-10 15:13:08,278 ERROR telegramChat.views Error message
2025-12-10 15:13:28,716 INFO registration.views Info message
2025-12-10 15:13:28,717 ERROR registration.views Error message
2025-12-10 15:13:28,750 INFO news.views Info message
2025-12-10 15:13:28,752 ERROR news.views Error message
2025-12-10 15:13:28,794 INFO cryptocurrencies.views Info message
2025-12-10 15:13:28,796 ERROR cryptocurrencies.views Error message
2025-12-10 15:13:28,851 INFO exchanges.views Info message
2025-12-10 15:13:28,853 ERROR exchanges.views Error message
2025-12-10 15:13:28,909 INFO telegramChat.views Info message
2025-12-10 15:13:28,911 ERROR telegramChat.views Error message
2025-12-10 15:26:56,038 INFO registration.views Info message
2025-12-10 15:26:56,039 ERROR registration.views Error message
2025-12-10 15:26:56,073 INFO news.views Info message
2025-12-10 15:26:56,075 ERROR news.views Error message
2025-12-10 15:26:56,112 INFO cryptocurrencies.views Info message
2025-12-10 15:26:56,113 ERROR cryptocurrencies.views Error message
2025-12-10 15:26:56,143 INFO exchanges.views Info message
2025-12-10 15:26:56,143 ERROR exchanges.views Error message
2025-12-10 15:26:56,169 INFO telegramChat.views Info message
2025-12-10 15:26:56,170 ERROR telegramChat.views Error message
2025-12-10 15:27:18,412 INFO registration.views Info message
2025-12-10 15:27:18,413 ERROR registration.views Error message
2025-12-10 15:27:18,453 INFO news.views Info message
2025-12-10 15:27:18,454 ERROR news.views Error message
2025-12-10 15:27:18,494 INFO cryptocurrencies.views Info message
2025-12-10 15:27:18,495 ERROR cryptocurrencies.views Error message
2025-12-10 15:27:18,535 INFO exchanges.views Info message
2025-12-10 15:27:18,538 ERROR exchanges.views Error message
2025-12-10 15:27:18,581 INFO telegramChat.views Info message
2025-12-10 15:27:18,583 ERROR telegramChat.views Error message
2025-12-16 19:14:11,796 INFO registration.views Info message
2025-12-16 19:14:11,797 ERROR registration.views Error message
2025-12-16 19:14:11,875 INFO news.views Info message
2025-12-16 19:14:11,875 ERROR news.views Error message
2025-12-16 19:14:11,933 INFO cryptocurrencies.views Info message
2025-12-16 19:14:11,934 ERROR cryptocurrencies.views Error message
2025-12-16 19:14:11,991 INFO exchanges.views Info message
2025-12-16 19:14:11,992 ERROR exchanges.views Error message
2025-12-16 19:14:12,051 INFO telegramChat.views Info message
2025-12-16 19:14:12,052 ERROR telegramChat.views Error message
2025-12-16 19:19:23,065 INFO registration.views Info message
2025-12-16 19:19:23,066 ERROR registration.views Error message
2025-12-16 19:19:23,086 INFO news.views Info message
2025-12-16 19:19:23,087 ERROR news.views Error message
2025-12-16 19:19:23,107 INFO cryptocurrencies.views Info message
2025-12-16 19:19:23,107 ERROR cryptocurrencies.views Error message
2025-12-16 19:19:23,125 INFO exchanges.views Info message
2025-12-16 19:19:23,125 ERROR exchanges.views Error message
2025-12-16 19:19:23,143 INFO telegramChat.views Info message
2025-12-16 19:19:23,143 ERROR telegramChat.views Error message
2025-12-16 19:19:23,363 ERROR registration.views Error during registration: column "is_active" of relation "registration_user" does not exist
LINE 1: ...user" ("role", "login", "email", "password_hash", "is_active...
                                                             ^

2025-12-16 19:19:23,367 ERROR django.request Internal Server Error: /registration/auth/register/
2025-12-16 19:20:31,079 ERROR registration.views Error during registration: column "is_active" of relation "registration_user" does not exist
LINE 1: ...user" ("role", "login", "email", "password_hash", "is_active...
                                                             ^

2025-12-16 19:20:31,082 ERROR django.request Internal Server Error: /registration/auth/register/
2025-12-16 19:23:43,929 INFO registration.views Info message
2025-12-16 19:23:43,930 ERROR registration.views Error message
2025-12-16 19:23:43,954 INFO news.views Info message
2025-12-16 19:23:43,955 ERROR news.views Error message
2025-12-16 19:23:43,972 INFO cryptocurrencies.views Info message
2025-12-16 19:23:43,973 ERROR cryptocurrencies.views Error message
2025-12-16 19:23:43,988 INFO exchanges.views Info message
2025-12-16 19:23:43,989 ERROR exchanges.views Error message
2025-12-16 19:23:44,004 INFO telegramChat.views Info message
2025-12-16 19:23:44,004 ERROR telegramChat.views Error message
2025-12-16 19:23:46,411 INFO registration.views Info message
2025-12-16 19:23:46,412 ERROR registration.views Error message
2025-12-16 19:23:46,436 INFO news.views Info message
2025-12-16 19:23:46,437 ERROR news.views Error message
2025-12-16 19:23:46,459 INFO cryptocurrencies.views Info message
2025-12-16 19:23:46,460 ERROR cryptocurrencies.views Error message
2025-12-16 19:23:46,482 INFO exchanges.views Info message
2025-12-16 19:23:46,483 ERROR exchanges.views Error message
2025-12-16 19:23:46,503 INFO telegramChat.views Info message
2025-12-16 19:23:46,504 ERROR telegramChat.views Error message
2025-12-16 19:24:26,526 INFO registration.views Info message
2025-12-16 19:24:26,527 ERROR registration.views Error message
2025-12-16 19:24:26,535 INFO news.views Info message
2025-12-16 19:24:26,535 ERROR news.views Error message
2025-12-16 19:24:26,542 INFO cryptocurrencies.views Info message
2025-12-16 19:24:26,543 ERROR cryptocurrencies.views Error message
2025-12-16 19:24:26,550 INFO exchanges.views Info message
2025-12-16 19:24:26,550 ERROR exchanges.views Error message
2025-12-16 19:24:26,557 INFO telegramChat.views Info message
2025-12-16 19:24:26,557 ERROR telegramChat.views Error message
2025-12-16 19:24:46,621 INFO registration.views Info message
2025-12-16 19:24:46,622 ERROR registration.views Error message
2025-12-16 19:24:46,632 INFO news.views Info message
2025-12-16 19:24:46,632 ERROR news.views Error message
2025-12-16 19:24:46,639 INFO cryptocurrencies.views Info message
2025-12-16 19:24:46,639 ERROR cryptocurrencies.views Error message
2025-12-16 19:24:46,647 INFO exchanges.views Info message
2025-12-16 19:24:46,647 ERROR exchanges.views Error message
2025-12-16 19:24:46,654 INFO telegramChat.views Info message
2025-12-16 19:24:46,654 ERROR telegramChat.views Error message
2025-12-16 19:25:07,997 INFO registration.views Info message
2025-12-16 19:25:07,997 ERROR registration.views Error message
2025-12-16 19:25:08,011 INFO news.views Info message
2025-12-16 19:25:08,011 ERROR news.views Error message
2025-12-16 19:25:08,023 INFO cryptocurrencies.views Info message
2025-12-16 19:25:08,024 ERROR cryptocurrencies.views Error message
2025-12-16 19:25:08,036 INFO exchanges.views Info message
2025-12-16 19:25:08,037 ERROR exchanges.views Error message
2025-12-16 19:25:08,045 INFO telegramChat.views Info message
2025-12-16 19:25:08,046 ERROR telegramChat.views Error message
2025-12-16 19:27:28,548 INFO registration.views Info message
2025-12-16 19:27:28,548 ERROR registration.views Error message
2025-12-16 19:27:28,556 INFO news.views Info message
2025-12-16 19:27:28,557 ERROR news.views Error message
2025-12-16 19:27:28,564 INFO cryptocurrencies.views Info message
2025-12-16 19:27:28,564 ERROR cryptocurrencies.views Error message
2025-12-16 19:27:28,571 INFO exchanges.views Info message
2025-12-16 19:27:28,571 ERROR exchanges.views Error message
2025-12-16 19:27:28,578 INFO telegramChat.views Info message
2025-12-16 19:27:28,578 ERROR telegramChat.views Error message
2025-12-16 19:27:28,828 ERROR registration.views Error during registration: registration/email_confirmation.html
2025-12-16 19:27:28,829 ERROR django.request Internal Server Error: /registration/auth/register/
2025-12-16 19:58:47,583 INFO registration.views Info message
2025-12-16 19:58:47,585 ERROR registration.views Error message
2025-12-16 19:58:47,616 INFO news.views Info message
2025-12-16 19:58:47,617 ERROR news.views Error message
2025-12-16 19:58:47,631 INFO cryptocurrencies.views Info message
2025-12-16 19:58:47,631 ERROR cryptocurrencies.views Error message
2025-12-16 19:58:47,646 INFO exchanges.views Info message
2025-12-16 19:58:47,647 ERROR exchanges.views Error message
2025-12-16 19:58:47,672 INFO telegramChat.views Info message
2025-12-16 19:58:47,673 ERROR telegramChat.views Error message
2025-12-16 19:59:28,418 INFO registration.views Info message
2025-12-16 19:59:28,419 ERROR registration.views Error message
2025-12-16 19:59:28,432 INFO news.views Info message
2025-12-16 19:59:28,433 ERROR news.views Error message
2025-12-16 19:59:28,444 INFO cryptocurrencies.views Info message
2025-12-16 19:59:28,445 ERROR cryptocurrencies.views Error message
2025-12-16 19:59:28,456 INFO exchanges.views Info message
2025-12-16 19:59:28,456 ERROR exchanges.views Error message
2025-12-16 19:59:28,467 INFO telegramChat.views Info message
2025-12-16 19:59:28,467 ERROR telegramChat.views Error message
2025-12-16 19:59:28,502 WARNING django.request Bad Request: /registration/auth/register/
2025-12-16 19:59:35,754 WARNING django.request Bad Request: /registration/auth/register/
2025-12-16 19:59:38,981 WARNING django.request Bad Request: /registration/auth/register/
2025-12-16 20:00:10,676 ERROR registration.views Failed to send confirmation email: 'ascii' codec can't encode characters in position 20-22: ordinal not in range(128)
2025-12-16 20:11:45,041 INFO registration.views Info message
2025-12-16 20:11:45,042 ERROR registration.views Error message
2025-12-16 20:11:45,061 INFO news.views Info message
2025-12-16 20:11:45,061 ERROR news.views Error message
2025-12-16 20:11:45,077 INFO cryptocurrencies.views Info message
2025-12-16 20:11:45,077 ERROR cryptocurrencies.views Error message
2025-12-16 20:11:45,093 INFO exchanges.views Info message
2025-12-16 20:11:45,094 ERROR exchanges.views Error message
2025-12-16 20:11:45,111 INFO telegramChat.views Info message
2025-12-16 20:11:45,112 ERROR telegramChat.views Error message
2025-12-16 20:13:04,302 INFO registration.views Info message
2025-12-16 20:13:04,303 ERROR registration.views Error message
2025-12-16 20:13:04,341 INFO news.views Info message
2025-12-16 20:13:04,342 ERROR news.views Error message
2025-12-16 20:13:04,378 INFO cryptocurrencies.views Info message
2025-12-16 20:13:04,381 ERROR cryptocurrencies.views Error message
2025-12-16 20:13:04,446 INFO exchanges.views Info message
2025-12-16 20:13:04,447 ERROR exchanges.views Error message
2025-12-16 20:13:04,483 INFO telegramChat.views Info message
2025-12-16 20:13:04,484 ERROR telegramChat.views Error message
2025-12-16 20:13:04,533 WARNING django.request Bad Request: /registration/auth/register/
2025-12-16 20:14:24,995 WARNING django.request Unauthorized: /registration/auth/login/
2025-12-17 10:14:20,887 INFO registration.views Info message
2025-12-17 10:14:20,887 ERROR registration.views Error message
2025-12-17 10:14:20,910 INFO news.views Info message
2025-12-17 10:14:20,911 ERROR news.views Error message
2025-12-17 10:14:20,944 INFO cryptocurrencies.views Info message
2025-12-17 10:14:20,944 ERROR cryptocurrencies.views Error message
2025-12-17 10:14:20,963 INFO exchanges.views Info message
2025-12-17 10:14:20,963 ERROR exchanges.views Error message
2025-12-17 10:14:20,988 INFO telegramChat.views Info message
2025-12-17 10:14:20,988 ERROR telegramChat.views Error message
2025-12-17 10:15:27,498 INFO registration.views Info message
2025-12-17 10:15:27,499 ERROR registration.views Error message
2025-12-17 10:15:27,512 INFO news.views Info message
2025-12-17 10:15:27,513 ERROR news.views Error message
2025-12-17 10:15:27,529 INFO cryptocurrencies.views Info message
2025-12-17 10:15:27,531 ERROR cryptocurrencies.views Error message
2025-12-17 10:15:27,574 INFO exchanges.views Info message
2025-12-17 10:15:27,576 ERROR exchanges.views Error message
2025-12-17 10:15:27,610 INFO telegramChat.views Info message
2025-12-17 10:15:27,610 ERROR telegramChat.views Error message
2025-12-17 10:16:01,133 WARNING django.request Forbidden: /registration/auth/login/
2025-12-17 10:16:37,294 WARNING django.request Not Found: /favicon.ico
2025-12-17 10:16:51,670 INFO cryptocurrencies.views Retrieved 0 cryptocurrencies
2025-12-17 10:16:55,910 INFO news.views Retrieved 0 news items
2025-12-17 10:16:56,621 INFO exchanges.views Retrieved 0 exchanges
2025-12-17 10:16:57,806 INFO news.views Retrieved 0 news items
2025-12-17 10:17:00,770 INFO cryptocurrencies.views Retrieved 0 cryptocurrencies
2025-12-17 10:17:07,953 INFO news.views Retrieved 0 news items
2025-12-17 10:17:10,719 INFO exchanges.views Retrieved 0 exchanges
2025-12-17 10:17:24,779 INFO exchanges.views Retrieved 0 exchanges
2025-12-17 10:17:25,585 INFO cryptocurrencies.views Retrieved 0 cryptocurrencies
2025-12-17 10:17:46,530 INFO news.views Retrieved 0 news items
2025-12-17 10:17:47,027 INFO exchanges.views Retrieved 0 exchanges
2025-12-17 10:17:57,957 INFO exchanges.views Retrieved 0 exchanges
2025-12-17 10:18:04,742 INFO exchanges.views Retrieved 0 exchanges
2025-12-20 13:15:35,008 INFO registration.views Info message
2025-12-20 13:15:35,010 ERROR registration.views Error message
2025-12-20 13:15:35,064 INFO news.views Info message
2025-12-20 13:15:35,066 ERROR news.views Error message
2025-12-20 13:15:35,132 INFO cryptocurrencies.views Info message
2025-12-20 13:15:35,134 ERROR cryptocurrencies.views Error message
2025-12-20 13:15:35,184 INFO exchanges.views Info message
2025-12-20 13:15:35,185 ERROR exchanges.views Error message
2025-12-20 13:15:35,210 INFO telegramChat.views Info message
2025-12-20 13:15:35,210 ERROR telegramChat.views Error message
2025-12-20 13:16:16,863 INFO registration.views Info message
2025-12-20 13:16:16,865 ERROR registration.views Error message
2025-12-20 13:16:16,946 INFO news.views Info message
2025-12-20 13:16:16,948 ERROR news.views Error message
2025-12-20 13:16:17,001 INFO cryptocurrencies.views Info message
2025-12-20 13:16:17,003 ERROR cryptocurrencies.views Error message
2025-12-20 13:16:17,056 INFO exchanges.views Info message
2025-12-20 13:16:17,058 ERROR exchanges.views Error message
2025-12-20 13:16:17,108 INFO telegramChat.views Info message
2025-12-20 13:16:17,110 ERROR telegramChat.views Error message
2025-12-20 13:16:17,139 WARNING django.request Unauthorized: /registration/auth/profile/
2025-12-20 13:16:17,171 ERROR registration.views Error refreshing token: User matching query does not exist.
2025-12-20 13:16:17,174 ERROR django.request Internal Server Error: /registration/auth/refresh/
2025-12-20 13:17:53,613 WARNING django.request Not Found: /favicon.ico
2025-12-20 13:18:09,907 INFO cryptocurrencies.views Retrieved 0 cryptocurrencies
2025-12-20 13:18:13,673 INFO news.views Retrieved 0 news items
2025-12-20 13:18:15,204 INFO exchanges.views Retrieved 0 exchanges
2025-12-20 13:18:18,623 INFO news.views Retrieved 0 news items
2025-12-20 13:18:24,483 INFO news.views Retrieved 0 news items
2025-12-20 13:18:29,526 INFO cryptocurrencies.views Retrieved 0 cryptocurrencies
2025-12-20 13:18:30,279 INFO news.views Retrieved 0 news items
2025-12-20 13:18:30,783 INFO exchanges.views Retrieved 0 exchanges
2025-12-20 16:41:45,801 INFO registration.views Info message
2025-12-20 16:41:45,802 ERROR registration.views Error message
2025-12-20 16:41:45,823 INFO news.views Info message
2025-12-20 16:41:45,824 ERROR news.views Error message
2025-12-20 16:41:45,852 INFO cryptocurrencies.views Info message
2025-12-20 16:41:45,853 ERROR cryptocurrencies.views Error message
2025-12-20 16:41:45,877 INFO exchanges.views Info message
2025-12-20 16:41:45,878 ERROR exchanges.views Error message
2025-12-20 16:41:45,909 INFO portfolios.views Info message
2025-12-20 16:41:45,910 ERROR portfolios.views Error message
2025-12-20 16:41:45,938 INFO telegramChat.views Info message
2025-12-20 16:41:45,939 ERROR telegramChat.views Error message
2025-12-20 16:42:38,018 INFO registration.views Info message
2025-12-20 16:42:38,020 ERROR registration.views Error message
2025-12-20 16:42:38,073 INFO news.views Info message
2025-12-20 16:42:38,074 ERROR news.views Error message
2025-12-20 16:42:38,107 INFO cryptocurrencies.views Info message
2025-12-20 16:42:38,108 ERROR cryptocurrencies.views Error message
2025-12-20 16:42:38,140 INFO exchanges.views Info message
2025-12-20 16:42:38,141 ERROR exchanges.views Error message
2025-12-20 16:42:38,175 INFO portfolios.views Info message
2025-12-20 16:42:38,176 ERROR portfolios.views Error message
2025-12-20 16:42:38,205 INFO telegramChat.views Info message
2025-12-20 16:42:38,206 ERROR telegramChat.views Error message
2025-12-20 16:42:38,233 WARNING django.request Unauthorized: /registration/auth/profile/
2025-12-20 16:42:38,330 INFO cryptocurrencies.views Retrieved 0 cryptocurrencies
2025-12-20 16:42:44,659 INFO cryptocurrencies.views Retrieved 0 cryptocurrencies
2025-12-20 16:42:47,225 INFO portfolios.views Retrieved 0 portfolios for user 1
2025-12-20 16:42:50,279 INFO exchanges.views Retrieved 0 exchanges
2025-12-20 16:42:51,388 INFO news.views Retrieved 0 news items
2025-12-20 16:42:51,787 INFO cryptocurrencies.views Retrieved 0 cryptocurrencies
2025-12-20 16:42:52,530 INFO news.views Retrieved 0 news items
2025-12-20 16:42:53,096 INFO cryptocurrencies.views Retrieved 0 cryptocurrencies
2025-12-20 16:43:01,950 INFO cryptocurrencies.views Retrieved 0 cryptocurrencies
2025-12-20 16:43:03,173 INFO exchanges.views Retrieved 0 exchanges
2025-12-20 16:43:03,642 INFO portfolios.views Retrieved 0 portfolios for user 1
2025-12-20 16:43:15,707 INFO exchanges.views Retrieved 0 exchanges
2025-12-20 16:43:17,023 INFO news.views Retrieved 0 news items
2025-12-20 16:43:17,585 INFO cryptocurrencies.views Retrieved 0 cryptocurrencies
2025-12-20 16:43:19,955 INFO exchanges.views Retrieved 0 exchanges
2025-12-20 16:43:34,019 INFO cryptocurrencies.views Retrieved 0 cryptocurrencies
2025-12-20 16:43:36,065 INFO portfolios.views Retrieved 0 portfolios for user 1
2025-12-20 16:43:50,257 INFO portfolios.views Retrieved 0 portfolios for user 1
2025-12-20 16:43:57,277 INFO portfolios.views Retrieved 0 portfolios for user 1
2025-12-20 16:54:17,802 INFO registration.views Info message
2025-12-20 16:54:17,803 ERROR registration.views Error message
2025-12-20 16:54:17,825 INFO news.views Info message
2025-12-20 16:54:17,825 ERROR news.views Error message
2025-12-20 16:54:17,839 INFO cryptocurrencies.views Info message
2025-12-20 16:54:17,839 ERROR cryptocurrencies.views Error message
2025-12-20 16:54:17,849 INFO exchanges.views Info message
2025-12-20 16:54:17,849 ERROR exchanges.views Error message
2025-12-20 16:54:17,860 INFO portfolios.views Info message
2025-12-20 16:54:17,860 ERROR portfolios.views Error message
2025-12-20 16:54:17,871 INFO telegramChat.views Info message
2025-12-20 16:54:17,872 ERROR telegramChat.views Error message
2025-12-20 16:55:29,361 INFO registration.views Info message
2025-12-20 16:55:29,362 ERROR registration.views Error message
2025-12-20 16:55:29,418 INFO news.views Info message
2025-12-20 16:55:29,419 ERROR news.views Error message
2025-12-20 16:55:29,482 INFO cryptocurrencies.views Info message
2025-12-20 16:55:29,483 ERROR cryptocurrencies.views Error message
2025-12-20 16:55:29,514 INFO exchanges.views Info message
2025-12-20 16:55:29,515 ERROR exchanges.views Error message
2025-12-20 16:55:29,542 INFO portfolios.views Info message
2025-12-20 16:55:29,543 ERROR portfolios.views Error message
2025-12-20 16:55:29,562 INFO telegramChat.views Info message
2025-12-20 16:55:29,563 ERROR telegramChat.views Error message
2025-12-20 16:55:29,659 INFO cryptocurrencies.views Retrieved 0 cryptocurrencies
2025-12-20 16:55:41,338 INFO cryptocurrencies.views Retrieved 0 cryptocurrencies
2025-12-20 16:55:48,521 INFO registration.views User updated: Nephilim
2025-12-20 16:55:48,567 INFO cryptocurrencies.views Retrieved 0 cryptocurrencies
2025-12-23 11:03:04,830 INFO registration.views Info message
2025-12-23 11:03:04,838 ERROR registration.views Error message
2025-12-23 11:03:05,126 INFO news.views Info message
2025-12-23 11:03:05,136 ERROR news.views Error message
2025-12-23 11:03:05,402 INFO cryptocurrencies.views Info message
2025-12-23 11:03:05,412 ERROR cryptocurrencies.views Error message
2025-12-23 11:03:05,664 INFO exchanges.views Info message
2025-12-23 11:03:05,674 ERROR exchanges.views Error message
2025-12-23 11:03:05,890 INFO portfolios.views Info message
2025-12-23 11:03:05,893 ERROR portfolios.views Error message
2025-12-23 11:03:06,117 INFO telegramChat.views Info message
2025-12-23 11:03:06,121 ERROR telegramChat.views Error message
2025-12-23 11:04:13,234 INFO registration.views Info message
2025-12-23 11:04:13,235 ERROR registration.views Error message
2025-12-23 11:04:13,292 INFO news.views Info message
2025-12-23 11:04:13,294 ERROR news.views Error message
2025-12-23 11:04:13,334 INFO cryptocurrencies.views Info message
2025-12-23 11:04:13,336 ERROR cryptocurrencies.views Error message
2025-12-23 11:04:13,400 INFO exchanges.views Info message
2025-12-23 11:04:13,401 ERROR exchanges.views Error message
2025-12-23 11:04:13,435 INFO portfolios.views Info message
2025-12-23 11:04:13,436 ERROR portfolios.views Error message
2025-12-23 11:04:13,474 INFO telegramChat.views Info message
2025-12-23 11:04:13,476 ERROR telegramChat.views Error message
2025-12-23 11:04:13,486 WARNING django.request Unauthorized: /registration/auth/profile/
2025-12-23 11:04:13,597 INFO cryptocurrencies.views Retrieved 0 cryptocurrencies
2025-12-23 11:04:19,619 INFO cryptocurrencies.views Retrieved 0 cryptocurrencies
2025-12-23 11:13:02,051 INFO registration.views Info message
2025-12-23 11:13:02,053 ERROR registration.views Error message
2025-12-23 11:13:02,136 INFO news.views Info message
2025-12-23 11:13:02,137 ERROR news.views Error message
2025-12-23 11:13:02,205 INFO cryptocurrencies.views Info message
2025-12-23 11:13:02,206 ERROR cryptocurrencies.views Error message
2025-12-23 11:13:02,262 INFO exchanges.views Info message
2025-12-23 11:13:02,262 ERROR exchanges.views Error message
2025-12-23 11:13:02,279 INFO portfolios.views Info message
2025-12-23 11:13:02,280 ERROR portfolios.views Error message
2025-12-23 11:13:02,335 INFO telegramChat.views Info message
2025-12-23 11:13:02,336 ERROR telegramChat.views Error message
2025-12-23 11:13:39,014 INFO registration.views Info message
2025-12-23 11:13:39,015 ERROR registration.views Error message
2025-12-23 11:13:39,072 INFO news.views Info message
2025-12-23 11:13:39,074 ERROR news.views Error message
2025-12-23 11:13:39,143 INFO cryptocurrencies.views Info message
2025-12-23 11:13:39,147 ERROR cryptocurrencies.views Error message
2025-12-23 11:13:39,218 INFO exchanges.views Info message
2025-12-23 11:13:39,219 ERROR exchanges.views Error message
2025-12-23 11:13:39,285 INFO portfolios.views Info message
2025-12-23 11:13:39,287 ERROR portfolios.views Error message
2025-12-23 11:13:39,352 INFO telegramChat.views Info message
2025-12-23 11:13:39,353 ERROR telegramChat.views Error message
2025-12-23 11:13:39,455 WARNING django.request Not Found: /ws/chat/
2025-12-23 11:13:39,471 INFO cryptocurrencies.views Retrieved 0 cryptocurrencies
2025-12-23 11:13:42,483 WARNING django.request Not Found: /ws/chat/
2025-12-23 11:13:45,507 WARNING django.request Not Found: /ws/chat/
2025-12-23 11:13:48,531 WARNING django.request Not Found: /ws/chat/
2025-12-23 11:13:49,496 INFO telegramBot.bot Message sent to admin from user 1 (Nephilim)
2025-12-23 11:13:51,548 WARNING django.request Not Found: /ws/chat/
2025-12-23 11:13:54,587 WARNING django.request Not Found: /ws/chat/
2025-12-23 11:13:57,616 WARNING django.request Not Found: /ws/chat/
2025-12-23 11:14:00,657 WARNING django.request Not Found: /ws/chat/
2025-12-23 11:14:03,697 WARNING django.request Not Found: /ws/chat/
2025-12-23 11:14:06,738 WARNING django.request Not Found: /ws/chat/
2025-12-23 11:14:09,796 WARNING django.request Not Found: /ws/chat/
2025-12-23 11:14:12,961 WARNING django.request Not Found: /ws/chat/
2025-12-23 11:14:16,194 WARNING django.request Not Found: /ws/chat/
2025-12-23 11:14:19,588 WARNING django.request Not Found: /ws/chat/
2025-12-23 11:14:23,769 WARNING django.request Not Found: /ws/chat/
2025-12-23 11:14:27,444 WARNING django.request Not Found: /ws/chat/
2025-12-23 11:14:35,255 WARNING django.request Not Found: /ws/chat/
2025-12-23 11:14:42,760 WARNING django.request Not Found: /ws/chat/
2025-12-23 11:14:50,194 WARNING django.request Not Found: /ws/chat/
2025-12-23 11:14:55,478 WARNING django.request Not Found: /ws/chat/
2025-12-23 11:15:00,362 INFO news.views Retrieved 0 news items
2025-12-23 11:15:00,788 INFO portfolios.views Retrieved 0 portfolios for user 1
2025-12-23 11:15:01,224 WARNING django.request Not Found: /ws/chat/
2025-12-23 11:15:01,307 INFO exchanges.views Retrieved 0 exchanges
2025-12-23 11:15:05,716 WARNING django.request Not Found: /ws/chat/
2025-12-23 11:15:53,605 ERROR asyncio Unclosed client session
client_session: <aiohttp.client.ClientSession object at 0x7909531d9160>
2025-12-23 11:15:53,612 ERROR asyncio Unclosed connector
connections: ['deque([(<aiohttp.client_proto.ResponseHandler object at 0x79095318ee70>, 673.520100896)])']
connector: <aiohttp.connector.TCPConnector object at 0x7909531d8980>
2025-12-23 12:06:28,912 INFO registration.views Info message
2025-12-23 12:06:28,913 ERROR registration.views Error message
2025-12-23 12:06:28,965 INFO news.views Info message
2025-12-23 12:06:28,965 ERROR news.views Error message
2025-12-23 12:06:28,996 INFO cryptocurrencies.views Info message
2025-12-23 12:06:28,997 ERROR cryptocurrencies.views Error message
2025-12-23 12:06:29,009 INFO exchanges.views Info message
2025-12-23 12:06:29,009 ERROR exchanges.views Error message
2025-12-23 12:06:29,032 INFO portfolios.views Info message
2025-12-23 12:06:29,032 ERROR portfolios.views Error message
2025-12-23 12:06:29,057 INFO telegramChat.views Info message
2025-12-23 12:06:29,057 ERROR telegramChat.views Error message
2025-12-23 12:10:01,922 INFO registration.views Info message
2025-12-23 12:10:01,922 ERROR registration.views Error message
2025-12-23 12:10:01,937 INFO news.views Info message
2025-12-23 12:10:01,938 ERROR news.views Error message
2025-12-23 12:10:01,952 INFO cryptocurrencies.views Info message
2025-12-23 12:10:01,952 ERROR cryptocurrencies.views Error message
2025-12-23 12:10:01,968 INFO exchanges.views Info message
2025-12-23 12:10:01,969 ERROR exchanges.views Error message
2025-12-23 12:10:01,994 INFO portfolios.views Info message
2025-12-23 12:10:01,995 ERROR portfolios.views Error message
2025-12-23 12:10:02,021 INFO telegramChat.views Info message
2025-12-23 12:10:02,022 ERROR telegramChat.views Error message
2025-12-23 12:10:02,029 WARNING django.request Unauthorized: /registration/auth/profile/
2025-12-23 12:10:02,087 WARNING django.request Not Found: /ws/chat/
2025-12-23 12:10:02,094 INFO cryptocurrencies.views Retrieved 30 cryptocurrencies
2025-12-23 12:10:05,098 WARNING django.request Not Found: /ws/chat/
2025-12-23 12:10:08,106 WARNING django.request Not Found: /ws/chat/
2025-12-23 12:10:11,130 WARNING django.request Not Found: /ws/chat/
2025-12-23 12:10:11,168 INFO exchanges.views Retrieved 0 exchanges
2025-12-23 12:10:12,109 INFO portfolios.views Retrieved 0 portfolios for user 1
2025-12-23 12:10:12,598 INFO news.views Retrieved 0 news items
2025-12-23 12:10:13,041 INFO cryptocurrencies.views Retrieved 30 cryptocurrencies
2025-12-23 12:10:14,155 WARNING django.request Not Found: /ws/chat/
2025-12-23 12:10:17,181 WARNING django.request Not Found: /ws/chat/
2025-12-23 12:10:20,209 WARNING django.request Not Found: /ws/chat/
2025-12-23 12:10:23,234 WARNING django.request Not Found: /ws/chat/
2025-12-23 12:10:26,269 WARNING django.request Not Found: /ws/chat/
2025-12-23 12:10:29,326 WARNING django.request Not Found: /ws/chat/
2025-12-23 12:10:32,365 WARNING django.request Not Found: /ws/chat/
2025-12-23 12:10:35,504 WARNING django.request Not Found: /ws/chat/
2025-12-23 12:10:38,687 WARNING django.request Not Found: /ws/chat/
2025-12-23 12:10:41,917 WARNING django.request Not Found: /ws/chat/
2025-12-23 12:10:45,367 INFO news.views Retrieved 0 news items
2025-12-23 12:10:45,693 WARNING django.request Not Found: /ws/chat/
2025-12-23 12:10:46,377 INFO exchanges.views Retrieved 0 exchanges
2025-12-23 12:10:50,940 WARNING django.request Not Found: /ws/chat/
2025-12-23 12:10:51,813 INFO cryptocurrencies.views Retrieved 30 cryptocurrencies
2025-12-23 12:10:55,394 WARNING django.request Not Found: /ws/chat/
2025-12-23 12:11:00,815 WARNING django.request Not Found: /ws/chat/
2025-12-23 12:11:06,148 WARNING django.request Not Found: /ws/chat/
2025-12-23 12:11:10,473 WARNING django.request Not Found: /ws/chat/
2025-12-23 12:11:18,059 WARNING django.request Not Found: /ws/chat/
2025-12-23 12:11:26,729 WARNING django.request Not Found: /ws/chat/
2025-12-23 12:16:50,039 INFO registration.views Info message
2025-12-23 12:16:50,039 ERROR registration.views Error message
2025-12-23 12:16:50,057 INFO news.views Info message
2025-12-23 12:16:50,058 ERROR news.views Error message
2025-12-23 12:16:50,075 INFO cryptocurrencies.views Info message
2025-12-23 12:16:50,076 ERROR cryptocurrencies.views Error message
2025-12-23 12:16:50,096 INFO exchanges.views Info message
2025-12-23 12:16:50,097 ERROR exchanges.views Error message
2025-12-23 12:16:50,115 INFO portfolios.views Info message
2025-12-23 12:16:50,116 ERROR portfolios.views Error message
2025-12-23 12:16:50,131 INFO telegramChat.views Info message
2025-12-23 12:16:50,131 ERROR telegramChat.views Error message
2025-12-23 12:17:26,407 INFO registration.views Info message
2025-12-23 12:17:26,408 ERROR registration.views Error message
2025-12-23 12:17:26,420 INFO news.views Info message
2025-12-23 12:17:26,421 ERROR news.views Error message
2025-12-23 12:17:26,431 INFO cryptocurrencies.views Info message
2025-12-23 12:17:26,431 ERROR cryptocurrencies.views Error message
2025-12-23 12:17:26,442 INFO exchanges.views Info message
2025-12-23 12:17:26,442 ERROR exchanges.views Error message
2025-12-23 12:17:26,453 INFO portfolios.views Info message
2025-12-23 12:17:26,454 ERROR portfolios.views Error message
2025-12-23 12:17:26,466 INFO telegramChat.views Info message
2025-12-23 12:17:26,467 ERROR telegramChat.views Error message
2025-12-23 12:17:26,509 WARNING django.request Not Found: /ws/chat/
2025-12-23 12:17:26,520 INFO cryptocurrencies.views Retrieved 30 cryptocurrencies
2025-12-23 12:17:29,534 WARNING django.request Not Found: /ws/chat/
2025-12-23 12:17:32,554 WARNING django.request Not Found: /ws/chat/
2025-12-23 12:17:35,585 WARNING django.request Not Found: /ws/chat/
2025-12-23 12:17:38,596 WARNING django.request Not Found: /ws/chat/
2025-12-23 12:17:41,628 WARNING django.request Not Found: /ws/chat/
2025-12-23 12:17:44,672 WARNING django.request Not Found: /ws/chat/
2025-12-23 12:17:47,494 INFO telegramBot.bot Message sent to admin from user 1 (Nephilim)
2025-12-23 12:17:47,719 WARNING django.request Not Found: /ws/chat/
2025-12-23 12:17:50,762 WARNING django.request Not Found: /ws/chat/
2025-12-23 12:17:53,844 WARNING django.request Not Found: /ws/chat/
2025-12-23 12:17:56,902 WARNING django.request Not Found: /ws/chat/
2025-12-23 12:17:59,955 WARNING django.request Not Found: /ws/chat/
2025-12-23 12:18:03,094 WARNING django.request Not Found: /ws/chat/
2025-12-23 12:18:06,485 WARNING django.request Not Found: /ws/chat/
2025-12-23 12:18:08,350 INFO news.views Retrieved 0 news items
2025-12-23 12:18:08,970 INFO portfolios.views Retrieved 0 portfolios for user 1
2025-12-23 12:18:09,827 WARNING django.request Not Found: /ws/chat/
2025-12-23 12:18:10,560 INFO exchanges.views Retrieved 0 exchanges
2025-12-23 12:18:14,814 WARNING django.request Not Found: /ws/chat/
2025-12-23 12:18:19,512 INFO exchanges.views Retrieved 0 exchanges
2025-12-23 12:18:32,292 INFO cryptocurrencies.views Retrieved 30 cryptocurrencies
2025-12-23 12:18:34,739 WARNING django.request Not Found: /ws/chat/
2025-12-23 12:18:39,934 WARNING django.request Not Found: /ws/chat/
2025-12-23 12:18:44,928 INFO portfolios.views Retrieved 0 portfolios for user 1
2025-12-23 12:18:45,687 INFO news.views Retrieved 0 news items
2025-12-23 12:18:47,034 WARNING django.request Not Found: /ws/chat/
2025-12-23 12:18:54,405 WARNING django.request Not Found: /ws/chat/
2025-12-23 12:19:00,295 WARNING django.request Not Found: /ws/chat/
2025-12-23 12:19:02,839 INFO news.views News created: 1 by user 1
2025-12-23 12:19:02,851 INFO news.views Retrieved 1 news items
2025-12-23 12:19:04,359 WARNING django.request Not Found: /ws/chat/
2025-12-23 12:19:13,356 INFO news.views Retrieved 1 news items
2025-12-23 12:19:14,170 INFO portfolios.views Retrieved 0 portfolios for user 1
2025-12-23 12:19:14,672 INFO news.views Retrieved 1 news items
2025-12-23 12:19:17,511 WARNING django.request Not Found: /ws/chat/
2025-12-23 12:19:23,756 WARNING django.request Not Found: /ws/chat/
2025-12-23 12:19:26,775 WARNING django.request Not Found: /ws/chat/
2025-12-23 12:19:30,054 WARNING django.request Not Found: /ws/chat/
2025-12-23 12:19:34,046 WARNING django.request Not Found: /ws/chat/
2025-12-23 12:19:37,065 WARNING django.request Not Found: /ws/chat/
2025-12-23 12:19:52,970 ERROR asyncio Unclosed client session
client_session: <aiohttp.client.ClientSession object at 0x7b6e94015160>
2025-12-23 12:19:52,982 ERROR asyncio Unclosed connector
connections: ['deque([(<aiohttp.client_proto.ResponseHandler object at 0x7b6e93fcb590>, 4497.161694885)])']
connector: <aiohttp.connector.TCPConnector object at 0x7b6e94014980>
2025-12-23 12:34:34,010 INFO registration.views Info message
2025-12-23 12:34:34,010 ERROR registration.views Error message
2025-12-23 12:34:34,028 INFO news.views Info message
2025-12-23 12:34:34,029 ERROR news.views Error message
2025-12-23 12:34:34,045 INFO cryptocurrencies.views Info message
2025-12-23 12:34:34,046 ERROR cryptocurrencies.views Error message
2025-12-23 12:34:34,062 INFO exchanges.views Info message
2025-12-23 12:34:34,063 ERROR exchanges.views Error message
2025-12-23 12:34:34,078 INFO portfolios.views Info message
2025-12-23 12:34:34,078 ERROR portfolios.views Error message
2025-12-23 12:34:34,091 INFO telegramChat.views Info message
2025-12-23 12:34:34,092 ERROR telegramChat.views Error message
2025-12-23 12:35:09,808 INFO registration.views Info message
2025-12-23 12:35:09,809 ERROR registration.views Error message
2025-12-23 12:35:09,836 INFO news.views Info message
2025-12-23 12:35:09,837 ERROR news.views Error message
2025-12-23 12:35:09,858 INFO cryptocurrencies.views Info message
2025-12-23 12:35:09,859 ERROR cryptocurrencies.views Error message
2025-12-23 12:35:09,882 INFO exchanges.views Info message
2025-12-23 12:35:09,883 ERROR exchanges.views Error message
2025-12-23 12:35:09,906 INFO portfolios.views Info message
2025-12-23 12:35:09,907 ERROR portfolios.views Error message
2025-12-23 12:35:09,926 INFO telegramChat.views Info message
2025-12-23 12:35:09,927 ERROR telegramChat.views Error message
2025-12-23 12:35:09,970 WARNING django.request Not Found: /ws/chat/
2025-12-23 12:35:09,987 INFO cryptocurrencies.views Retrieved 30 cryptocurrencies
2025-12-23 12:35:12,997 WARNING django.request Not Found: /ws/chat/
2025-12-23 12:35:16,010 WARNING django.request Not Found: /ws/chat/
2025-12-23 12:35:19,039 WARNING django.request Not Found: /ws/chat/
2025-12-23 12:35:22,056 WARNING django.request Not Found: /ws/chat/
2025-12-23 12:35:23,025 INFO news.views Retrieved 1 news items
2025-12-23 12:35:25,076 WARNING django.request Not Found: /ws/chat/
2025-12-23 12:35:28,110 WARNING django.request Not Found: /ws/chat/
2025-12-23 12:35:31,143 WARNING django.request Not Found: /ws/chat/
2025-12-23 12:35:33,261 INFO exchanges.views Retrieved 0 exchanges
2025-12-23 12:35:33,743 INFO portfolios.views Retrieved 0 portfolios for user 1
2025-12-23 12:35:34,144 INFO news.views Retrieved 1 news items
2025-12-23 12:35:34,177 WARNING django.request Not Found: /ws/chat/
2025-12-23 12:35:34,501 INFO cryptocurrencies.views Retrieved 30 cryptocurrencies
2025-12-23 12:35:37,206 WARNING django.request Not Found: /ws/chat/
2025-12-23 12:35:40,279 WARNING django.request Not Found: /ws/chat/
2025-12-23 12:35:43,444 WARNING django.request Not Found: /ws/chat/
2025-12-23 12:35:46,749 WARNING django.request Not Found: /ws/chat/
2025-12-23 12:35:50,298 WARNING django.request Not Found: /ws/chat/
2025-12-23 12:35:53,876 INFO cryptocurrencies.views Retrieved 30 cryptocurrencies
2025-12-23 12:35:54,151 WARNING django.request Not Found: /ws/chat/
2025-12-23 12:35:58,373 WARNING django.request Not Found: /ws/chat/
2025-12-23 12:36:03,139 WARNING django.request Not Found: /ws/chat/
2025-12-23 12:36:10,623 WARNING django.request Not Found: /ws/chat/
2025-12-23 12:41:04,447 INFO registration.views Info message
2025-12-23 12:41:04,448 ERROR registration.views Error message
2025-12-23 12:41:04,464 INFO news.views Info message
2025-12-23 12:41:04,464 ERROR news.views Error message
2025-12-23 12:41:04,478 INFO cryptocurrencies.views Info message
2025-12-23 12:41:04,478 ERROR cryptocurrencies.views Error message
2025-12-23 12:41:04,493 INFO exchanges.views Info message
2025-12-23 12:41:04,494 ERROR exchanges.views Error message
2025-12-23 12:41:04,509 INFO portfolios.views Info message
2025-12-23 12:41:04,510 ERROR portfolios.views Error message
2025-12-23 12:41:04,523 INFO telegramChat.views Info message
2025-12-23 12:41:04,523 ERROR telegramChat.views Error message
2025-12-23 12:41:22,885 INFO registration.views Info message
2025-12-23 12:41:22,886 ERROR registration.views Error message
2025-12-23 12:41:22,917 INFO news.views Info message
2025-12-23 12:41:22,918 ERROR news.views Error message
2025-12-23 12:41:22,944 INFO cryptocurrencies.views Info message
2025-12-23 12:41:22,945 ERROR cryptocurrencies.views Error message
2025-12-23 12:41:22,972 INFO exchanges.views Info message
2025-12-23 12:41:22,973 ERROR exchanges.views Error message
2025-12-23 12:41:22,998 INFO portfolios.views Info message
2025-12-23 12:41:22,998 ERROR portfolios.views Error message
2025-12-23 12:41:23,019 INFO telegramChat.views Info message
2025-12-23 12:41:23,020 ERROR telegramChat.views Error message
2025-12-23 12:41:23,058 WARNING django.request Not Found: /ws/chat/
2025-12-23 12:41:23,069 INFO cryptocurrencies.views Retrieved 30 cryptocurrencies
2025-12-23 12:41:26,079 WARNING django.request Not Found: /ws/chat/
2025-12-23 12:41:29,102 WARNING django.request Not Found: /ws/chat/
2025-12-23 12:41:29,608 INFO news.views Retrieved 1 news items
2025-12-23 12:41:32,120 WARNING django.request Not Found: /ws/chat/
2025-12-23 12:41:35,031 INFO portfolios.views Retrieved 0 portfolios for user 1
2025-12-23 12:41:35,141 WARNING django.request Not Found: /ws/chat/
2025-12-23 12:41:35,582 INFO exchanges.views Retrieved 0 exchanges
2025-12-23 12:41:36,117 INFO portfolios.views Retrieved 0 portfolios for user 1
2025-12-23 12:41:36,636 INFO exchanges.views Retrieved 0 exchanges
2025-12-23 12:41:37,326 INFO portfolios.views Retrieved 0 portfolios for user 1
2025-12-23 12:41:37,976 INFO exchanges.views Retrieved 0 exchanges
2025-12-23 12:41:38,158 WARNING django.request Not Found: /ws/chat/
2025-12-23 12:41:39,548 INFO cryptocurrencies.views Retrieved 30 cryptocurrencies
2025-12-23 12:41:41,188 WARNING django.request Not Found: /ws/chat/
2025-12-23 12:41:44,224 WARNING django.request Not Found: /ws/chat/
2025-12-23 12:41:47,260 WARNING django.request Not Found: /ws/chat/
2025-12-23 12:41:50,302 WARNING django.request Not Found: /ws/chat/
2025-12-23 12:41:53,355 WARNING django.request Not Found: /ws/chat/
2025-12-23 12:41:56,425 WARNING django.request Not Found: /ws/chat/
2025-12-23 12:41:59,731 WARNING django.request Not Found: /ws/chat/
2025-12-23 12:42:03,040 WARNING django.request Not Found: /ws/chat/
2025-12-23 12:42:07,184 WARNING django.request Not Found: /ws/chat/
2025-12-23 12:42:11,197 WARNING django.request Not Found: /ws/chat/
2025-12-23 12:42:15,788 WARNING django.request Not Found: /ws/chat/
2025-12-23 12:42:22,402 WARNING django.request Not Found: /ws/chat/
2025-12-23 12:42:27,171 WARNING django.request Not Found: /ws/chat/
2025-12-23 12:42:29,362 INFO news.views Retrieved 1 news items
2025-12-23 12:42:30,911 INFO exchanges.views Retrieved 0 exchanges
2025-12-23 12:42:32,596 INFO portfolios.views Retrieved 0 portfolios for user 1
2025-12-23 12:42:33,527 INFO news.views Retrieved 1 news items
2025-12-23 12:42:33,551 WARNING django.request Not Found: /ws/chat/
2025-12-23 12:42:42,013 INFO news.views Retrieved 1 news items
2025-12-23 12:42:45,948 WARNING django.request Not Found: /ws/chat/
2025-12-23 12:42:51,489 WARNING django.request Not Found: /ws/chat/
2025-12-23 12:42:55,775 WARNING django.request Not Found: /ws/chat/
2025-12-23 12:42:59,950 WARNING django.request Not Found: /ws/chat/
2025-12-23 12:43:05,400 WARNING django.request Not Found: /ws/chat/
2025-12-23 12:43:10,904 WARNING django.request Not Found: /ws/chat/
2025-12-23 12:43:17,040 WARNING django.request Not Found: /ws/chat/
2025-12-23 12:43:23,693 WARNING django.request Not Found: /ws/chat/
